IIN
NNN
IIN
NNN
----------
PNP
NNN
----------
impossible
----------
PNP
NNN
----------
II
II
----------
impossible
----------
N
----------
NN
----------
N
N
----------
NNNNNNNNNN
----------
N
N
N
N
N
N
N
N
N
N
----------
NNNNNNNNNN
NNNNNNNNNN
NNNNNNNNNN
NNNNNNNNNN
NNNNNNNNNN
NNNNNNNNNN
NNNNNNNNNN
NNNNNNNNNN
NNNNNNNNNN
NNNNNNNNNN
----------
P
----------
PN
----------
PP
----------
P
N
----------
P
P
----------
II
II
----------
PN
NN
----------
NN
PP
----------
PPPPPPPPPP
----------
P
P
P
P
P
P
P
P
P
P
----------
NNNNNNNNPN
----------
N
N
N
P
N
N
N
N
N
N
----------
NNNNNNNNNN
NNNNNNNNNN
NNNNNNNNNN
NNNNNNNNNN
NNNNNNNNNP
NNNNNNNNNN
NNNNNNNNNN
NNNNNNNNNN
NNNNNNNNNN
NNNNNNNNNN
----------
NNNNNNNNNN
NNNNNNNNNN
NNNNNNNNNN
PPPPPPPPPP
NNNNNNNNNN
NNNNNNNNNN
NNNNNNNNNN
NNNNNNNNNN
NNNNNNNNNN
NNNNNNNNNN
----------
NNNNNNPNNN
NNNNNNPNNN
NNNNNNPNNN
NNNNNNPNNN
NNNNNNPNNN
NNNNNNPNNN
NNNNNNPNNN
NNNNNNPNNN
NNNNNNPNNN
NNNNNNPNNN
----------
NNNNNNNNNN
NNNNNNNNNN
NNNNNNNNNN
IIIIIIIIII
NNNNNNNNNN
NNNNNNNNNN
NNNNNNNNNN
NNNNNNNNNN
NNNNNNNNNN
IIIIIIIIII
----------
INNINNNNNN
INNINNNNNN
INNINNNNNN
INNINNNNNN
INNINNNNNN
INNINNNNNN
INNINNNNNN
INNINNNNNN
INNINNNNNN
INNINNNNNN
----------
IIIIIIIIII
IIIIIIIIII
IIIIIIIIII
IIIIIIIIII
IIIIIIIIII
IIIIIIIIII
IIIIIIIIII
IIIIIIIIII
IIIIIIIIII
IIIIIIIIII
----------
impossible
----------
impossible
----------
impossible
----------
impossible
----------
impossible
----------
impossible
----------
impossible
----------
impossible
----------
impossible
----------
impossible
----------
impossible
----------
impossible
----------
impossible
----------
impossible
----------
impossible
----------
impossible
----------
impossible
----------
NNNNNNNNN
NNNNNNNNN
NNNNNNNNN
NNNNNNNNN
NNNNNNNNN
NNNNNNNNN
----------
NNNNN
NNNNN
NNNNN
NNNNN
----------
NNNNN
NNNNN
NNNNN
NNNNN
NNNNN
NNNNN
----------
NNNNNN
NNNNNN
NNNNNN
----------
NNNNNNNNN
NNNNNNNNN
NNNNNNNNN
NNNNNNNNN
NNNNNNNNN
NNNNNNNNN
NNNNNNNNN
NNNNNNNNN
----------
impossible
----------
impossible
----------
impossible
----------
impossible
----------
impossible
----------
impossible
----------
impossible
----------
impossible
----------
impossible
----------
impossible
----------
impossible
----------
impossible
----------
impossible
----------
impossible
----------
NN
PN
----------
impossible
----------
impossible
----------
impossible
----------
impossible
----------
impossible
----------
impossible
----------
impossible
----------
impossible
----------
impossible
----------
impossible
----------
impossible
----------
impossible
----------
impossible
----------
impossible
----------
impossible
----------
ININII
ININII
ININII
NNNNNN
ININII
NNNNNN
----------
IINININ
IINININ
NNNNNNN
IINININ
IINININ
NNNNNNN
----------
impossible
----------
impossible
----------
impossible
----------
impossible
----------
INIINNI
NNNNNNN
INIINNI
INIINNI
NNNNNNN
----------
IIINNNI
IIINNNI
NNNNNNN
NNNNNNN
IIINNNI
----------
NIININNII
NNNNNNNNN
NIININNII
NIININNII
NIININNII
NNNNNNNNN
NIININNII
NNNNNNNNN
NNNNNNNNN
NIININNII
----------
impossible
----------
NNN
NII
NII
NNN
NII
NII
----------
impossible
----------
impossible
----------
NINIIINI
NINIIINI
----------
NNIIII
NNIIII
NNIIII
NNIIII
NNNNNN
NNIIII
NNNNNN
NNNNNN
----------
INI
INI
----------
impossible
----------
NNN
NNN
NII
NII
NNN
NII
NII
----------
impossible
----------
impossible
----------
impossible
----------
NNNNN
IINNI
NNNNN
IINNI
IINNI
IINNI
----------
impossible
----------
NNNNNNN
NINIINI
NINIINI
NINIINI
----------
impossible
----------
II
II
NN
NN
II
----------
NNIIIIINNI
NNNNNNNNNN
NNNNNNNNNN
NNIIIIINNI
NNIIIIINNI
NNIIIIINNI
NNNNNNNNNN
NNIIIIINNI
----------
impossible
----------
IIINN
NNNNN
IIINN
----------
NIINII
NNNNNN
NNNNNN
NIINII
NIINII
NIINII
NIINII
NNNNNN
----------
IININI
IININI
----------
INIIINN
NNNNNNN
INIIINN
NNNNNNN
NNNNNNN
INIIINN
INIIINN
INIIINN
----------
IIIN
IIIN
NNNN
----------
NIINI
NIINI
NNNNN
NNNNN
NIINI
NNNNN
NIINI
NNNNN
NIINI
NIINI
----------
impossible
----------
impossible
----------
impossible
----------
NNIINIINII
NNIINIINII
NNIINIINII
NNNNNNNNNN
----------
IIINNI
IIINNI
----------
II
II
NN
II
II
NN
NN
II
----------
IIINN
IIINN
NNNNN
IIINN
IIINN
NNNNN
----------
IINI
IINI
NNNN
IINI
----------
NIIINNII
NNNNNNNN
NNNNNNNN
NIIINNII
NNNNNNNN
NNNNNNNN
NIIINNII
NIIINNII
NIIINNII
NIIINNII
----------
impossible
----------
impossible
----------
NNINIII
NNINIII
----------
NNN
NII
NII
NNN
NII
NII
NII
NNN
----------
INNIINI
INNIINI
----------
impossible
----------
impossible
----------
II
II
----------
NNNNNNN
NNPNNNN
NNPNNNN
NNNNNNN
NNNNNNN
----------
impossible
----------
NN
NN
NN
NN
PN
----------
impossible
----------
impossible
----------
NNNNNNN
NNNNNNN
NNNNNNN
NIIIIII
NIIIIII
NIIIIII
----------
IIIIIIINI
IIIIIIINI
NNNNNNNNN
NNNNNNNNN
NNNNNNNNN
----------
NNPN
NNNN
NNPN
NNNN
NNNN
NNNN
----------
impossible
----------
INIINIIII
INIINIIII
INIINIIII
NNNNNNNNN
----------
NNN
PNN
PNN
NNN
PNN
PNN
NNN
NNN
PNN
----------
impossible
----------
NP
NP
NN
----------
NNNN
NNNN
NNNN
IIIN
NNNN
NNNN
NNNN
IIIN
----------
PNN
PNN
PNN
----------
impossible
----------
NINNIINII
NINNIINII
NINNIINII
NNNNNNNNN
NINNIINII
NINNIINII
NNNNNNNNN
NINNIINII
NNNNNNNNN
NINNIINII
----------
impossible
----------
IINIIINN
IINIIINN
NNNNNNNN
NNNNNNNN
IINIIINN
IINIIINN
IINIIINN
IINIIINN
IINIIINN
IINIIINN
----------
NII
NII
NII
----------
PNNNNNN
NNNNNNN
PNNNNNN
PNNNNNN
NNNNNNN
NNNNNNN
PNNNNNN
PNNNNNN
NNNNNNN
----------
impossible
----------
impossible
----------
impossible
----------
impossible
----------
NNNNNNNNNN
NNNNNNNNNN
----------
impossible
----------
impossible
----------
IIIINNN
IIIINNN
NNNNNNN
NNNNNNN
NNNNNNN
----------
impossible
----------
NNNNPNN
NNNNPNN
NNNNPNN
NNNNPNN
NNNNPNN
NNNNNNN
NNNNNNN
----------
IIII
NNNN
NNNN
IIII
NNNN
----------
NIINNINNIN
NNNNNNNNNN
NIINNINNIN
NNNNNNNNNN
NNNNNNNNNN
NNNNNNNNNN
NNNNNNNNNN
----------
IIIIINIII
IIIIINIII
NNNNNNNNN
IIIIINIII
IIIIINIII
IIIIINIII
IIIIINIII
IIIIINIII
IIIIINIII
IIIIINIII
----------
NNPNNNNNNN
NNPNNNNNNN
NNPNNNNNNN
NNPNNNNNNN
NNPNNNNNNN
NNPNNNNNNN
NNPNNNNNNN
NNPNNNNNNN
NNPNNNNNNN
NNPNNNNNNN
----------
NNNNNNNN
IIININNN
IIININNN
IIININNN
----------
NP
NN
NN
----------
NNN
NNN
NNN
NNN
NNN
NNN
----------
IIIII
IIIII
IIIII
IIIII
IIIII
IIIII
IIIII
NNNNN
----------
IIIIIIIINI
IIIIIIIINI
IIIIIIIINI
IIIIIIIINI
IIIIIIIINI
IIIIIIIINI
IIIIIIIINI
----------
NNNP
NNNP
NNNN
NNNN
NNNN
NNNP
NNNP
NNNN
NNNP
----------
impossible
----------
NNNNNNN
IIIIIII
IIIIIII
NNNNNNN
IIIIIII
NNNNNNN
IIIIIII
IIIIIII
----------
impossible
----------
NNP
NNN
NNP
NNP
NNP
----------
NNN
NNN
NNN
NPN
NPN
NPN
NNN
----------
impossible
----------
impossible
----------
NNNNNNN
PPPNPPP
----------
impossible
----------
INNIINNI
NNNNNNNN
INNIINNI
NNNNNNNN
NNNNNNNN
NNNNNNNN
NNNNNNNN
NNNNNNNN
NNNNNNNN
----------
IINNNNNNN
NNNNNNNNN
IINNNNNNN
----------
II
II
----------
impossible
----------
impossible
----------
NNNNP
NNNNN
NNNNN
NNNNN
NNNNN
NNNNP
----------
impossible
----------
IINIINNN
IINIINNN
NNNNNNNN
IINIINNN
NNNNNNNN
IINIINNN
----------
NNNN
ININ
ININ
NNNN
NNNN
NNNN
ININ
----------
impossible
----------
NNN
PNN
NNN
NNN
NNN
PNN
----------
NN
NN
NN
NN
PN
----------
impossible
----------
impossible
----------
NNN
III
III
III
III
III
III
III
----------
NNNNN
NNNNN
NNPNN
NNNNN
NNNNN
----------
NNNNN
PPPPP
----------
IIIIIIII
IIIIIIII
----------
PN
PN
----------
NININ
NNNNN
NININ
NININ
NNNNN
NININ
NININ
NNNNN
NININ
----------
