majority winner 2
minority winner 1
no winner
minority winner 4
majority winner 1
majority winner 2
majority winner 1
majority winner 1
majority winner 2
majority winner 2
majority winner 1
majority winner 1
majority winner 2
majority winner 1
majority winner 2
majority winner 1
majority winner 2
majority winner 1
majority winner 1
no winner
no winner
no winner
no winner
no winner
no winner
no winner
no winner
no winner
no winner
majority winner 1
majority winner 1
majority winner 2
majority winner 1
majority winner 1
majority winner 1
majority winner 2
majority winner 1
majority winner 1
majority winner 1
no winner
no winner
no winner
no winner
no winner
no winner
no winner
no winner
no winner
no winner
minority winner 3
minority winner 3
minority winner 3
minority winner 3
majority winner 1
minority winner 1
majority winner 2
majority winner 3
majority winner 1
majority winner 2
majority winner 2
minority winner 3
majority winner 1
minority winner 2
minority winner 2
no winner
no winner
no winner
no winner
no winner
no winner
no winner
no winner
no winner
no winner
majority winner 1
majority winner 2
majority winner 2
majority winner 3
majority winner 1
majority winner 1
majority winner 3
majority winner 3
majority winner 1
majority winner 2
minority winner 2
minority winner 2
minority winner 3
minority winner 3
minority winner 3
minority winner 1
minority winner 3
minority winner 2
minority winner 2
minority winner 2
majority winner 1
minority winner 1
minority winner 2
minority winner 3
minority winner 1
minority winner 2
minority winner 2
minority winner 1
majority winner 3
minority winner 1
minority winner 2
minority winner 2
majority winner 3
majority winner 2
majority winner 2
no winner
no winner
no winner
no winner
no winner
no winner
no winner
no winner
no winner
no winner
majority winner 3
majority winner 1
majority winner 3
majority winner 2
majority winner 1
majority winner 4
majority winner 2
majority winner 1
majority winner 1
majority winner 2
minority winner 3
minority winner 1
minority winner 4
minority winner 1
minority winner 4
minority winner 1
minority winner 4
minority winner 4
minority winner 2
minority winner 1
minority winner 1
minority winner 4
minority winner 5
minority winner 1
minority winner 4
minority winner 5
minority winner 3
minority winner 2
minority winner 4
minority winner 4
majority winner 4
minority winner 1
minority winner 3
minority winner 3
minority winner 2
no winner
no winner
no winner
no winner
no winner
no winner
no winner
no winner
no winner
no winner
majority winner 3
majority winner 3
majority winner 3
majority winner 2
majority winner 3
majority winner 3
majority winner 3
majority winner 1
majority winner 1
majority winner 4
minority winner 1
minority winner 1
minority winner 2
minority winner 1
minority winner 2
minority winner 2
minority winner 3
minority winner 5
minority winner 5
minority winner 4
minority winner 1
minority winner 5
minority winner 5
minority winner 6
minority winner 6
minority winner 1
minority winner 6
minority winner 6
minority winner 6
minority winner 3
minority winner 2
minority winner 2
minority winner 5
minority winner 5
minority winner 6
no winner
no winner
no winner
no winner
no winner
no winner
no winner
no winner
no winner
no winner
majority winner 4
majority winner 2
majority winner 1
majority winner 6
majority winner 4
majority winner 3
majority winner 6
majority winner 2
majority winner 4
majority winner 5
minority winner 2
minority winner 3
minority winner 3
minority winner 4
minority winner 2
minority winner 6
minority winner 1
minority winner 2
minority winner 5
minority winner 2
minority winner 1
minority winner 3
minority winner 5
minority winner 5
minority winner 5
minority winner 2
minority winner 2
minority winner 1
minority winner 5
minority winner 6
minority winner 1
minority winner 3
minority winner 6
minority winner 5
minority winner 2
no winner
no winner
no winner
no winner
no winner
no winner
no winner
no winner
no winner
no winner
majority winner 3
majority winner 4
majority winner 3
majority winner 6
majority winner 1
majority winner 7
majority winner 2
majority winner 4
majority winner 4
majority winner 4
minority winner 2
minority winner 2
minority winner 7
minority winner 3
minority winner 7
minority winner 3
minority winner 5
minority winner 2
minority winner 7
minority winner 1
minority winner 6
minority winner 3
minority winner 2
minority winner 3
minority winner 8
minority winner 1
minority winner 1
minority winner 5
minority winner 1
minority winner 7
minority winner 8
minority winner 5
minority winner 4
minority winner 6
minority winner 6
no winner
no winner
no winner
no winner
no winner
no winner
no winner
no winner
no winner
no winner
majority winner 3
majority winner 4
majority winner 1
majority winner 5
majority winner 2
majority winner 6
majority winner 1
majority winner 2
majority winner 1
majority winner 7
minority winner 6
minority winner 1
minority winner 2
minority winner 2
minority winner 5
minority winner 8
minority winner 1
minority winner 1
minority winner 2
minority winner 1
minority winner 7
minority winner 4
minority winner 3
minority winner 4
minority winner 1
minority winner 9
minority winner 7
minority winner 6
minority winner 6
minority winner 6
minority winner 7
minority winner 7
minority winner 6
minority winner 7
minority winner 1
no winner
no winner
no winner
no winner
no winner
no winner
no winner
no winner
no winner
no winner
majority winner 1
majority winner 9
majority winner 7
majority winner 1
majority winner 7
majority winner 6
majority winner 7
majority winner 5
majority winner 6
majority winner 8
minority winner 7
minority winner 2
minority winner 8
minority winner 6
minority winner 4
minority winner 8
minority winner 6
minority winner 9
minority winner 9
minority winner 3
minority winner 2
minority winner 1
minority winner 6
minority winner 8
minority winner 2
minority winner 10
minority winner 6
minority winner 9
minority winner 8
minority winner 2
minority winner 8
minority winner 8
minority winner 6
minority winner 1
minority winner 7
no winner
no winner
no winner
no winner
no winner
no winner
no winner
no winner
no winner
no winner
majority winner 1
majority winner 7
majority winner 4
majority winner 5
majority winner 10
majority winner 3
majority winner 8
majority winner 10
majority winner 6
majority winner 4
minority winner 2
minority winner 4
minority winner 8
minority winner 5
minority winner 5
minority winner 8
minority winner 10
minority winner 6
minority winner 6
minority winner 9
