0.492
8.628
No collision
No collision
0.738
No collision
No collision
No collision
No collision
No collision
No collision
No collision
No collision
No collision
No collision
No collision
No collision
No collision
No collision
1.014
No collision
No collision
No collision
No collision
No collision
No collision
No collision
No collision
No collision
1.391
No collision
No collision
No collision
No collision
No collision
No collision
No collision
No collision
No collision
No collision
No collision
No collision
No collision
No collision
No collision
No collision
No collision
No collision
No collision
No collision
No collision
No collision
No collision
No collision
No collision
No collision
No collision
No collision
No collision
No collision
No collision
No collision
No collision
No collision
No collision
No collision
No collision
No collision
No collision
No collision
No collision
No collision
No collision
No collision
No collision
0.588
0.098
No collision
No collision
1.398
No collision
No collision
No collision
No collision
No collision
No collision
No collision
No collision
0.084
No collision
No collision
No collision
No collision
No collision
No collision
No collision
No collision
No collision
No collision
0.196
No collision
No collision
No collision
No collision
No collision
No collision
No collision
No collision
No collision
No collision
2.092
No collision
0.434
No collision
No collision
No collision
No collision
No collision
No collision
No collision
No collision
0.125
No collision
No collision
No collision
No collision
No collision
No collision
No collision
No collision
0.415
No collision
0.109
No collision
No collision
No collision
No collision
No collision
No collision
0.044
No collision
No collision
No collision
No collision
No collision
No collision
No collision
0.594
No collision
No collision
No collision
No collision
0.053
No collision
0.157
No collision
No collision
No collision
No collision
No collision
0.053
No collision
No collision
No collision
No collision
0.305
No collision
No collision
No collision
No collision
No collision
No collision
No collision
No collision
No collision
No collision
No collision
No collision
No collision
No collision
No collision
No collision
No collision
No collision
No collision
No collision
No collision
0.066
No collision
No collision
No collision
No collision
No collision
No collision
No collision
No collision
No collision
0.078
No collision
No collision
No collision
No collision
No collision
No collision
No collision
0.031
No collision
No collision
No collision
No collision
No collision
No collision
No collision
No collision
No collision
No collision
No collision
No collision
No collision
No collision
0.968
No collision
No collision
No collision
No collision
No collision
No collision
No collision
No collision
No collision
No collision
No collision
No collision
No collision
No collision
No collision
0.268
No collision
No collision
0.278
0.032
No collision
0.189
No collision
No collision
No collision
0.461
No collision
No collision
No collision
No collision
No collision
No collision
No collision
No collision
No collision
No collision
No collision
No collision
No collision
No collision
No collision
No collision
No collision
No collision
No collision
No collision
No collision
No collision
No collision
No collision
No collision
No collision
No collision
No collision
No collision
No collision
No collision
No collision
No collision
1.130
No collision
No collision
No collision
No collision
0.119
No collision
0.434
No collision
No collision
2.515
No collision
No collision
0.570
No collision
No collision
No collision
1.391
0.346
No collision
No collision
No collision
No collision
No collision
No collision
No collision
No collision
No collision
No collision
No collision
No collision
No collision
0.110
No collision
0.047
0.401
No collision
No collision
No collision
No collision
0.135
No collision
0.211
No collision
No collision
No collision
No collision
No collision
No collision
No collision
0.570
No collision
No collision
No collision
No collision
No collision
No collision
No collision
No collision
No collision
No collision
0.316
No collision
No collision
No collision
No collision
No collision
No collision
No collision
No collision
No collision
No collision
1.307
0.149
No collision
No collision
No collision
No collision
No collision
No collision
No collision
No collision
0.995
No collision
No collision
No collision
No collision
No collision
No collision
No collision
No collision
No collision
No collision
No collision
0.729
No collision
No collision
No collision
No collision
No collision
No collision
No collision
No collision
No collision
No collision
No collision
No collision
No collision
No collision
No collision
No collision
No collision
No collision
No collision
No collision
0.238
No collision
No collision
No collision
0.945
No collision
No collision
No collision
No collision
No collision
No collision
No collision
No collision
No collision
0.182
No collision
No collision
No collision
No collision
0.164
No collision
No collision
No collision
No collision
No collision
0.668
No collision
No collision
0.920
No collision
No collision
No collision
0.652
No collision
No collision
No collision
No collision
No collision
No collision
0.473
No collision
No collision
No collision
No collision
No collision
No collision
No collision
No collision
No collision
No collision
No collision
No collision
No collision
No collision
3.970
No collision
No collision
No collision
No collision
No collision
No collision
No collision
No collision
No collision
No collision
No collision
No collision
No collision
0.218
No collision
0.587
No collision
No collision
No collision
No collision
No collision
No collision
No collision
No collision
No collision
No collision
No collision
No collision
No collision
No collision
No collision
No collision
No collision
No collision
No collision
No collision
No collision
No collision
No collision
No collision
No collision
0.116
No collision
No collision
No collision
0.078
No collision
No collision
No collision
No collision
No collision
No collision
No collision
No collision
No collision
No collision
No collision
No collision
No collision
No collision
No collision
No collision
No collision
No collision
No collision
No collision
0.119
No collision
No collision
No collision
No collision
No collision
No collision
0.076
No collision
No collision
No collision
No collision
No collision
No collision
No collision
No collision
4.331
No collision
No collision
No collision
No collision
No collision
No collision
No collision
No collision
No collision
No collision
No collision
No collision
No collision
No collision
No collision
No collision
No collision
No collision
No collision
No collision
No collision
No collision
No collision
No collision
No collision
0.446
No collision
0.023
No collision
0.078
No collision
0.170
No collision
No collision
No collision
No collision
No collision
No collision
No collision
No collision
No collision
No collision
No collision
No collision
0.406
No collision
No collision
No collision
No collision
No collision
No collision
No collision
No collision
No collision
No collision
No collision
No collision
No collision
No collision
No collision
No collision
No collision
No collision
No collision
No collision
No collision
No collision
No collision
No collision
No collision
0.194
No collision
No collision
No collision
0.302
No collision
0.650
No collision
0.302
0.522
No collision
No collision
No collision
No collision
0.525
No collision
No collision
No collision
No collision
1.802
No collision
0.285
0.140
No collision
No collision
No collision
0.043
0.103
No collision
0.331
0.773
No collision
No collision
No collision
No collision
1.231
No collision
1.421
No collision
No collision
0.748
No collision
0.030
No collision
0.646
0.983
0.200
1.539
No collision
0.425
No collision
No collision
No collision
1.951
No collision
2.115
No collision
0.722
No collision
0.705
No collision
0.205
0.599
0.561
11.640
No collision
No collision
1.530
No collision
10.908
No collision
1.054
No collision
1.432
1.992
0.626
1.878
No collision
No collision
0.808
No collision
No collision
No collision
No collision
0.710
1.982
No collision
94.226
3.177
No collision
No collision
No collision
No collision
No collision
No collision
No collision
No collision
No collision
No collision
No collision
No collision
No collision
No collision
No collision
No collision
No collision
No collision
No collision
No collision
No collision
No collision
No collision
No collision
No collision
No collision
No collision
2.760
No collision
No collision
No collision
No collision
No collision
No collision
No collision
No collision
No collision
No collision
No collision
No collision
No collision
3.319
No collision
No collision
No collision
No collision
No collision
No collision
No collision
No collision
No collision
No collision
No collision
No collision
No collision
No collision
No collision
No collision
No collision
3.251
No collision
No collision
No collision
No collision
No collision
No collision
No collision
No collision
No collision
No collision
No collision
No collision
No collision
No collision
No collision
No collision
No collision
No collision
No collision
No collision
No collision
No collision
No collision
No collision
0.453
No collision
0.136
No collision
No collision
No collision
No collision
No collision
No collision
No collision
No collision
No collision
No collision
No collision
No collision
No collision
No collision
No collision
No collision
0.646
No collision
No collision
No collision
No collision
No collision
No collision
No collision
No collision
No collision
No collision
No collision
No collision
No collision
No collision
No collision
No collision
No collision
10.704
No collision
No collision
No collision
No collision
11.292
No collision
No collision
No collision
No collision
No collision
No collision
0.182
No collision
No collision
No collision
1.297
No collision
No collision
No collision
No collision
No collision
No collision
No collision
4.323
No collision
No collision
No collision
No collision
No collision
No collision
1.096
No collision
No collision
No collision
No collision
No collision
No collision
No collision
No collision
1.447
No collision
No collision
No collision
No collision
No collision
No collision
No collision
No collision
1.806
No collision
No collision
No collision
No collision
No collision
No collision
No collision
No collision
No collision
No collision
No collision
No collision
No collision
No collision
No collision
No collision
No collision
No collision
No collision
No collision
No collision
No collision
No collision
2.563
No collision
No collision
No collision
No collision
0.519
No collision
No collision
No collision
No collision
0.351
No collision
No collision
No collision
No collision
2.166
No collision
No collision
No collision
No collision
No collision
No collision
2.347
No collision
No collision
No collision
No collision
No collision
0.684
No collision
No collision
No collision
No collision
No collision
No collision
No collision
No collision
3.635
No collision
No collision
No collision
No collision
No collision
No collision
0.558
No collision
No collision
2.405
No collision
No collision
No collision
No collision
No collision
No collision
No collision
No collision
No collision
No collision
No collision
No collision
No collision
No collision
No collision
No collision
No collision
No collision
No collision
No collision
No collision
1.631
No collision
No collision
No collision
No collision
No collision
No collision
No collision
No collision
No collision
No collision
No collision
No collision
No collision
No collision
No collision
No collision
No collision
No collision
No collision
No collision
No collision
No collision
No collision
No collision
No collision
No collision
No collision
No collision
No collision
9.027
No collision
No collision
No collision
No collision
No collision
No collision
No collision
No collision
No collision
No collision
No collision
No collision
No collision
No collision
No collision
2.370
No collision
No collision
1.129
No collision
No collision
No collision
No collision
No collision
No collision
No collision
No collision
0.438
No collision
No collision
No collision
No collision
No collision
No collision
No collision
No collision
No collision
No collision
No collision
No collision
No collision
No collision
No collision
No collision
No collision
4.963
8.739
No collision
No collision
No collision
No collision
No collision
No collision
No collision
No collision
No collision
No collision
No collision
7.019
No collision
No collision
No collision
No collision
No collision
No collision
No collision
No collision
No collision
No collision
No collision
No collision
No collision
No collision
3.157
No collision
No collision
No collision
No collision
No collision
No collision
No collision
No collision
No collision
No collision
No collision
No collision
No collision
No collision
No collision
No collision
No collision
No collision
No collision
No collision
0.650
No collision
No collision
No collision
No collision
No collision
No collision
No collision
No collision
No collision
No collision
No collision
No collision
No collision
No collision
No collision
1.088
0.670
No collision
No collision
No collision
No collision
No collision
No collision
No collision
2.306
No collision
No collision
No collision
No collision
No collision
1.128
No collision
No collision
No collision
No collision
1.401
No collision
No collision
No collision
No collision
No collision
No collision
4.781
No collision
No collision
No collision
No collision
No collision
No collision
No collision
No collision
No collision
No collision
2.385
No collision
No collision
No collision
3.685
No collision
No collision
No collision
1.315
No collision
No collision
No collision
No collision
No collision
No collision
No collision
No collision
No collision
No collision
No collision
No collision
No collision
No collision
No collision
No collision
No collision
No collision
No collision
No collision
No collision
No collision
No collision
No collision
No collision
No collision
No collision
No collision
No collision
No collision
No collision
No collision
No collision
No collision
No collision
No collision
No collision
0.908
No collision
No collision
No collision
No collision
No collision
2.618
No collision
No collision
No collision
No collision
No collision
0.109
No collision
0.375
No collision
5.556
1.989
No collision
0.410
No collision
No collision
0.491
No collision
No collision
1.232
2.059
No collision
10.067
No collision
No collision
No collision
No collision
2.765
0.982
12.143
No collision
6.208
No collision
12.250
2.500
No collision
No collision
No collision
No collision
No collision
1.382
0.495
2.778
3.167
No collision
No collision
0.964
No collision
No collision
0.283
2.369
No collision
No collision
No collision
No collision
No collision
No collision
No collision
1.048
No collision
1.222
3.353
1.133
No collision
No collision
3.000
1.000
No collision
1.107
No collision
5.778
No collision
2.417
0.657
2.015
0.321
No collision
0.500
1.176
1.375
No collision
No collision
6.143
0.639
No collision
No collision
8.625
10.750
No collision
1.132
No collision
No collision
No collision
No collision
No collision
No collision
1.950
0.242
3.167
2.500
0.382
0.333
No collision
No collision
No collision
0.211
0.133
No collision
0.711
No collision
No collision
1.257
4.735
1.375
1.800
No collision
No collision
No collision
No collision
No collision
2.315
No collision
0.382
1.436
No collision
No collision
0.518
No collision
0.298
5.037
No collision
No collision
No collision
No collision
No collision
No collision
1.778
0.262
1.500
No collision
0.476
No collision
0.057
3.500
0.579
5.625
No collision
0.559
No collision
No collision
No collision
No collision
No collision
1.111
No collision
No collision
1.380
No collision
No collision
No collision
0.908
No collision
1.408
6.462
No collision
0.197
No collision
No collision
0.202
No collision
1.923
1.017
0.536
No collision
No collision
No collision
No collision
0.714
1.242
10.500
2.211
No collision
1.286
0.562
0.789
5.667
0.676
3.318
No collision
0.317
2.100
No collision
8.867
1.967
0.451
No collision
48.000
No collision
0.206
0.825
0.938
No collision
2.275
No collision
No collision
No collision
6.700
No collision
No collision
0.971
No collision
No collision
1.781
No collision
6.789
0.500
No collision
1.625
No collision
0.896
0.211
2.119
No collision
No collision
No collision
No collision
No collision
No collision
No collision
0.859
2.000
No collision
No collision
No collision
0.082
No collision
No collision
No collision
2.476
No collision
4.000
No collision
0.667
0.102
0.792
No collision
3.500
No collision
No collision
0.214
0.833
0.523
No collision
2.375
No collision
No collision
